This is pdfTeX, Version 3.141592653-2.6-1.40.29 (MiKTeX 26.1) (preloaded format=pdflatex 2026.2.12)  15 FEB 2026 16:24
entering extended mode
 restricted \write18 enabled.
 %&-line parsing enabled.
**./thesis.tex
(thesis.tex
LaTeX2e <2025-11-01>
L3 programming layer <2026-01-19>
(kulemt.cls
Document Class: kulemt 2025-05-20 v2.1.0 KU Leuven Engineering Master's Thesis 
document class
\l_kulemt_opt_ptsize_int=\count275
\l_kulemt_opt_bind_dim=\dimen148
\l_kulemt_opt_acyear_int=\count276
(C:\Users\jorda\AppData\Local\Programs\MiKTeX\tex/latex/memoir\memoir.cls
Document Class: memoir 2025/11/04 v3.8.4b configurable book, report, article do
cument class
(C:\Users\jorda\AppData\Local\Programs\MiKTeX\tex/latex/xpatch\xpatch.sty
(C:\Users\jorda\AppData\Local\Programs\MiKTeX\tex/latex/l3kernel\expl3.sty
Package: expl3 2026-01-19 L3 programming layer (loader) 

(C:\Users\jorda\AppData\Local\Programs\MiKTeX\tex/latex/l3backend\l3backend-pdf
tex.def
File: l3backend-pdftex.def 2025-10-09 L3 backend support: PDF output (pdfTeX)
\l__color_backend_stack_int=\count277
))
Package: xpatch 2020/03/25 v0.3a Extending etoolbox patching commands

(C:\Users\jorda\AppData\Local\Programs\MiKTeX\tex/latex/l3packages/xparse\xpars
e.sty
Package: xparse 2025-10-09 L3 Experimental document command parser
)
(C:\Users\jorda\AppData\Local\Programs\MiKTeX\tex/latex/etoolbox\etoolbox.sty
Package: etoolbox 2025/10/02 v2.5m e-TeX tools for LaTeX (JAW)
\etb@tempcnta=\count278
))
\onelineskip=\skip49
\lxvchars=\skip50
\xlvchars=\skip51
\@memcnta=\count279
\c@@memmarkcntra=\count280
(C:\Users\jorda\AppData\Local\Programs\MiKTeX\tex/generic/iftex\iftex.sty
Package: iftex 2022/02/03 v1.0f TeX engine tests
)
\trimtop=\skip52
\trimedge=\skip53

(C:\Users\jorda\AppData\Local\Programs\MiKTeX\tex/latex/memoir\mem11.clo
File: mem11.clo 2022/07/29 v0.5 memoir class 11pt size option
LaTeX Font Info:    Trying to load font information for T1+lmr on input line 38
.

(C:\Users\jorda\AppData\Local\Programs\MiKTeX\tex/latex/lm\t1lmr.fd
File: t1lmr.fd 2015/05/01 v1.6.1 Font defs for Latin Modern
))
\binding=\skip54
\spinemargin=\skip55
\foremargin=\skip56
\uppermargin=\skip57
\lowermargin=\skip58
\headdrop=\skip59
\normalrulethickness=\skip60
\mem@maxheadheight=\skip61
\mem@maxfootheight=\skip62
\headwidth=\skip63
\c@storedpagenumber=\count281
\memPD=\dimen149
\m@mabparskip=\skip64
\thanksmarkwidth=\skip65
\thanksmarksep=\skip66
\droptitle=\skip67
\c@book=\count282
\c@part=\count283
\c@chapter=\count284
\c@section=\count285
\c@subsection=\count286
\c@subsubsection=\count287
\c@paragraph=\count288
\c@subparagraph=\count289
\beforechapskip=\skip68
\midchapskip=\skip69
\afterchapskip=\skip70
\chapindent=\skip71
\bottomsectionskip=\skip72
\secindent=\skip73
\beforesecskip=\skip74
\aftersecskip=\skip75
\subsecindent=\skip76
\beforesubsecskip=\skip77
\aftersubsecskip=\skip78
\subsubsecindent=\skip79
\beforesubsubsecskip=\skip80
\aftersubsubsecskip=\skip81
\paraindent=\skip82
\beforeparaskip=\skip83
\afterparaskip=\skip84
\subparaindent=\skip85
\beforesubparaskip=\skip86
\aftersubparaskip=\skip87
\pfbreakskip=\skip88
\c@@ppsavesec=\count290
\c@@ppsaveapp=\count291
\ragrparindent=\dimen150
\everylistparindent=\dimen151
\parsepi=\skip89
\topsepi=\skip90
\itemsepi=\skip91
\parsepii=\skip92
\topsepii=\skip93
\topsepiii=\skip94
\itemsepii=\skip95
\itemsepiii=\skip96
\partopsepii=\skip97
\partopsepiii=\skip98
\m@msavetopsep=\skip99
\m@msavepartopsep=\skip100
\@enLab=\toks17
\abstitleskip=\skip101
\absleftindent=\skip102
\abs@leftindent=\dimen152
\absrightindent=\skip103
\absparindent=\skip104
\absparsep=\skip105
\c@vslineno=\count292
\c@poemline=\count293
\c@modulo@vs=\count294
\c@memfvsline=\count295
\vleftskip=\skip106
\vrightskip=\skip107
\stanzaskip=\skip108
\versewidth=\skip109
\vgap=\skip110
\vindent=\skip111
\vleftmargin=\dimen153
\c@verse=\count296
\c@chrsinstr=\count297
\beforepoemtitleskip=\skip112
\afterpoemtitleskip=\skip113
\c@poem=\count298
\beforePoemTitleskip=\skip114
\midPoemTitleskip=\skip115
\afterPoemTitleskip=\skip116

(C:\Users\jorda\AppData\Local\Programs\MiKTeX\tex/latex/tools\array.sty
Package: array 2025/09/25 v2.6n Tabular extension package (FMi)
\col@sep=\dimen154
\ar@mcellbox=\box53
\extrarowheight=\dimen155
\NC@list=\toks18
\extratabsurround=\skip117
\backup@length=\skip118
\ar@cellbox=\box54
)
(C:\Users\jorda\AppData\Local\Programs\MiKTeX\tex/latex/tools\dcolumn.sty
Package: dcolumn 2025/10/21 v1.06 decimal alignment package (DPC)
)
(C:\Users\jorda\AppData\Local\Programs\MiKTeX\tex/latex/tools\delarray.sty
Package: delarray 2014/10/28 v1.01 array delimiter package (DPC)
)
(C:\Users\jorda\AppData\Local\Programs\MiKTeX\tex/latex/tools\tabularx.sty
Package: tabularx 2023/12/11 v2.12a `tabularx' package (DPC)
\TX@col@width=\dimen156
\TX@old@table=\dimen157
\TX@old@col=\dimen158
\TX@target=\dimen159
\TX@delta=\dimen160
\TX@cols=\count299
\TX@ftn=\toks19
)
(C:\Users\jorda\AppData\Local\Programs\MiKTeX\tex/latex/booktabs\booktabs.sty
Package: booktabs 2020/01/12 v1.61803398 Publication quality tables
\heavyrulewidth=\dimen161
\lightrulewidth=\dimen162
\cmidrulewidth=\dimen163
\belowrulesep=\dimen164
\belowbottomsep=\dimen165
\aboverulesep=\dimen166
\abovetopsep=\dimen167
\cmidrulesep=\dimen168
\cmidrulekern=\dimen169
\defaultaddspace=\dimen170
\@cmidla=\count300
\@cmidlb=\count301
\@aboverulesep=\dimen171
\@belowrulesep=\dimen172
\@thisruleclass=\count302
\@lastruleclass=\count303
\@thisrulewidth=\dimen173
)
\ctableftskip=\skip119
\ctabrightskip=\skip120
\abovecolumnspenalty=\count304
\@linestogo=\count305
\@cellstogo=\count306
\@cellsincolumn=\count307
\crtok=\toks20
\@mincolumnwidth=\dimen174
\c@newflo@tctr=\count308
\mem@margin@floatbox=\box55
\@contcwidth=\skip121
\@contindw=\skip122
\abovecaptionskip=\skip123
\belowcaptionskip=\skip124
\subfloattopskip=\skip125
\subfloatcapskip=\skip126
\subfloatcaptopadj=\skip127
\subfloatbottomskip=\skip128
\subfloatlabelskip=\skip129
\subfloatcapmargin=\dimen175
\c@@contsubnum=\count309
\m@mscap@capbox=\box56
\m@mscap@fbox=\box57
\sidecapsep=\dimen176
\sidecapwidth=\dimen177
\m@m@tempdima=\dimen178
\m@mscapraise=\dimen179
\sidecapraise=\dimen180
\m@mscapmainwidth=\dimen181
\m@mscaplkern=\dimen182
\beforeepigraphskip=\skip130
\afterepigraphskip=\skip131
\epigraphwidth=\skip132
\epigraphrule=\skip133

(C:\Users\jorda\AppData\Local\Programs\MiKTeX\tex/latex/hyperref\nameref.sty
Package: nameref 2026-01-29 v2.58 Cross-referencing by name of section

(C:\Users\jorda\AppData\Local\Programs\MiKTeX\tex/latex/refcount\refcount.sty
Package: refcount 2019/12/15 v3.6 Data extraction from label references (HO)

(C:\Users\jorda\AppData\Local\Programs\MiKTeX\tex/generic/ltxcmds\ltxcmds.sty
Package: ltxcmds 2023-12-04 v1.26 LaTeX kernel commands for general use (HO)
)
(C:\Users\jorda\AppData\Local\Programs\MiKTeX\tex/generic/infwarerr\infwarerr.s
ty
Package: infwarerr 2019/12/03 v1.5 Providing info/warning/error messages (HO)
))
(C:\Users\jorda\AppData\Local\Programs\MiKTeX\tex/generic/gettitlestring\gettit
lestring.sty
Package: gettitlestring 2019/12/15 v1.6 Cleanup title references (HO)

(C:\Users\jorda\AppData\Local\Programs\MiKTeX\tex/latex/kvoptions\kvoptions.sty
Package: kvoptions 2022-06-15 v3.15 Key value format for package options (HO)
(C:\Users\jorda\AppData\Local\Programs\MiKTeX\tex/latex/graphics\keyval.sty
Package: keyval 2022/05/29 v1.15 key=value parser (DPC)
\KV@toks@=\toks21
)
(C:\Users\jorda\AppData\Local\Programs\MiKTeX\tex/latex/kvsetkeys\kvsetkeys.sty
Package: kvsetkeys 2022-10-05 v1.19 Key value parser (HO)
)))
\c@section@level=\count310
)
\tocentryskip=\skip134
\tocbaseline=\skip135
\cftparskip=\skip136
\cftbeforebookskip=\skip137
\cftbookindent=\dimen183
\cftbooknumwidth=\dimen184
\cftbeforepartskip=\skip138
\cftpartindent=\skip139
\cftpartnumwidth=\skip140
\cftbeforechapterskip=\skip141
\cftchapterindent=\skip142
\cftchapternumwidth=\skip143
\cftbeforesectionskip=\skip144
\cftsectionindent=\skip145
\cftsectionnumwidth=\skip146
\cftbeforesubsectionskip=\skip147
\cftsubsectionindent=\skip148
\cftsubsectionnumwidth=\skip149
\cftbeforesubsubsectionskip=\skip150
\cftsubsubsectionindent=\skip151
\cftsubsubsectionnumwidth=\skip152
\cftbeforeparagraphskip=\skip153
\cftparagraphindent=\skip154
\cftparagraphnumwidth=\skip155
\cftbeforesubparagraphskip=\skip156
\cftsubparagraphindent=\skip157
\cftsubparagraphnumwidth=\skip158
\prechapterprecisshift=\dimen185
\c@maxsecnumdepth=\count311
\bibindent=\dimen186
\bibitemsep=\skip159
\indexcolsep=\skip160
\indexrule=\skip161
\indexmarkstyle=\toks22
\@indexbox=\insert252
LaTeX Info: Redefining \raggedbottom on input line 8095.
LaTeX Info: Redefining \flushbottom on input line 8099.
\glossarycolsep=\dimen187
\glossaryrule=\dimen188
\sideparvshift=\skip162
\sideins=\insert251
\sidebartopsep=\skip163
\sidebarhsep=\skip164
\sidebarvsep=\skip165
\sidebarwidth=\skip166
\footmarkwidth=\skip167
\footmarksep=\skip168
\footparindent=\skip169
\footinsdim=\skip170
\footinsv@r=\insert250
\@mpfootinsv@r=\insert249
\m@m@k=\count312
\m@m@h=\dimen189
\m@mipn@skip=\skip171
\sidefootins=\insert248
\sidefootadjust=\skip172
\sidefootheight=\skip173
\sidefoothsep=\skip174
\sidefootvsep=\skip175
\sidefootwidth=\skip176
\m@mdownsf=\skip177
\c@sidefootnote=\count313
\sidefootmarkwidth=\skip178
\sidefootmarksep=\skip179
\sidefootparindent=\skip180
\c@pagenote=\count314
\c@pagenoteshadow=\count315
\mem@pn@lastkern=\skip181
 (C:\Users\jorda\AppData\Local\Programs\MiKTeX\tex/latex/tools\verbatim.sty
Package: verbatim 2024-01-22 v1.5x LaTeX2e package for verbatim enhancements
\every@verbatim=\toks23
\verbatim@line=\toks24
\verbatim@in@stream=\read2
)
\verbatimindent=\skip182
\verbatim@out=\write3
 (C:\Users\jorda\AppData\Local\Programs\MiKTeX\tex/latex/base\shortvrb.sty
Package: shortvrb 2024/12/25 v3.0q Standard LaTeX documentation package V3 (FMi
)
)
\bvboxsep=\skip183
\c@memfbvline=\count316
\c@bvlinectr=\count317
\bvnumlength=\skip184
\fb@frw=\dimen190
\fb@frh=\dimen191
\FrameRule=\dimen192
\FrameSep=\dimen193
\c@cp@cntr=\count318
\c@ism@mctr=\count319
\c@xsm@mctr=\count320
\c@csm@mctr=\count321
\c@ksm@mctr=\count322
\c@xksm@mctr=\count323
\c@cksm@mctr=\count324
\c@msm@mctr=\count325
\c@xmsm@mctr=\count326
\c@cmsm@mctr=\count327
\c@bsm@mctr=\count328
\c@workm@mctr=\count329
\c@sheetsequence=\count330
\c@lastsheet=\count331
\c@lastpage=\count332
\c@figure=\count333
\c@lofdepth=\count334
\cftbeforefigureskip=\skip185
\cftfigureindent=\skip186
\cftfigurenumwidth=\skip187
\c@table=\count335
\c@lotdepth=\count336
\cftbeforetableskip=\skip188
\cfttableindent=\skip189
\cfttablenumwidth=\skip190
Package abstract [2008/07/23] emulated by memoir.
Package appendix [2008/07/23] emulated by memoir.
Package ccaption [2008/07/23] emulated by memoir.
Package changepage [2008/07/23] emulated by memoir.
Package chngcntr [2008/07/23] emulated by memoir.
Package chngpage [2008/07/23] emulated by memoir.
Package crop emulated by memoir.
Package enumerate [2008/07/23] emulated by memoir.
Package epigraph [2008/07/23] emulated by memoir.
Package ifmtarg [2008/07/23] emulated by memoir.
Package index [2008/07/23] emulated by memoir.
Package makeidx [2008/07/23] emulated by memoir.
Package moreverb [2008/07/23] emulated by memoir.
Package needspace [2008/07/23] emulated by memoir.
Package newfile [2008/07/23] emulated by memoir.
Package nextpage [2008/07/23] emulated by memoir.
Package pagenote [2008/07/23] emulated by memoir.
Package parskip [2008/07/23] emulated by memoir.
Package patchcmd [2008/07/23] emulated by memoir.
Package setspace [2008/07/23] emulated by memoir.
Package showidx [2008/07/23] emulated by memoir.
Package titleref [2008/07/23] emulated by memoir.
Package titling [2008/07/23] emulated by memoir.
Package tocbibind [2008/07/23] emulated by memoir.
Package tocloft [2008/07/23] emulated by memoir.
Package tocvsec2 [2008/07/23] emulated by memoir.
Package verse [2008/07/23] emulated by memoir.
)
(C:\Users\jorda\AppData\Local\Programs\MiKTeX\tex/generic/babel\babel.sty
Package: babel 2026/01/26 v26.2 The multilingual framework for LuaLaTeX, pdfLaT
eX and XeLaTeX
\babel@savecnt=\count337
LaTeX Encoding Info:    Redeclaring text command \ij (encoding OT1) on input li
ne 2078.
LaTeX Encoding Info:    Redeclaring text command \IJ (encoding OT1) on input li
ne 2080.
LaTeX Encoding Info:    Redeclaring text command \ij (encoding T1) on input lin
e 2082.
LaTeX Encoding Info:    Redeclaring text command \IJ (encoding T1) on input lin
e 2083.
LaTeX Encoding Info:    Ignoring declaration for text command \ij (encoding ?) 
on input line 2084.
LaTeX Encoding Info:    Ignoring declaration for text command \IJ (encoding ?) 
on input line 2086.
LaTeX Encoding Info:    Ignoring declaration for text command \SS (encoding ?) 
on input line 2111.
\U@D=\dimen194
\l@unhyphenated=\language79

(C:\Users\jorda\AppData\Local\Programs\MiKTeX\tex/generic/babel\txtbabel.def)
\bbl@readstream=\read3
\bbl@dirlevel=\count338
Package babel Info: Configuration files are deprecated, as
(babel)             they can break document portability.
(babel)             Reported on input line 4206.

*************************************
* Local config file bblopts.cfg used
*
(C:\Users\jorda\AppData\Local\Programs\MiKTeX\tex/latex/arabi\bblopts.cfg
File: bblopts.cfg 2005/09/08 v0.1 add Arabic and Farsi to "declared" options of
 babel
)
(C:\Users\jorda\AppData\Local\Programs\MiKTeX\tex/generic/babel/locale/en\babel
-english.tex)
Package babel Info: Importing font and identification data for english
(babel)             from babel-en.ini. Reported on input line 4330.

(C:\Users\jorda\AppData\Local\Programs\MiKTeX\tex/latex/babel-english\english.l
df
Language: english 2017/06/06 v3.3r English support from the babel system
Package babel Info: Hyphen rules for 'canadian' set to \l@english
(babel)             (\language0). Reported on input line 102.
Package babel Info: Hyphen rules for 'australian' set to \l@ukenglish
(babel)             (\language73). Reported on input line 105.
Package babel Info: Hyphen rules for 'newzealand' set to \l@ukenglish
(babel)             (\language73). Reported on input line 108.
))
(C:\Users\jorda\AppData\Local\Programs\MiKTeX\tex/latex/graphics\graphicx.sty
Package: graphicx 2021/09/16 v1.2d Enhanced LaTeX Graphics (DPC,SPQR)

(C:\Users\jorda\AppData\Local\Programs\MiKTeX\tex/latex/graphics\graphics.sty
Package: graphics 2022/03/10 v1.4e Standard LaTeX Graphics (DPC,SPQR)

(C:\Users\jorda\AppData\Local\Programs\MiKTeX\tex/latex/graphics\trig.sty
Package: trig 2021/08/11 v1.11 sin cos tan (DPC)
)
(C:\Users\jorda\AppData\Local\Programs\MiKTeX\tex/latex/graphics-cfg\graphics.c
fg
File: graphics.cfg 2016/06/04 v1.11 sample graphics configuration
)
Package graphics Info: Driver file: pdftex.def on input line 107.

(C:\Users\jorda\AppData\Local\Programs\MiKTeX\tex/latex/graphics-def\pdftex.def
File: pdftex.def 2025/09/29 v1.2d Graphics/color driver for pdftex
))
\Gin@req@height=\dimen195
\Gin@req@width=\dimen196
))
(C:\Users\jorda\AppData\Local\Programs\MiKTeX\tex/latex/hyperref\hyperref.sty
Package: hyperref 2026-01-29 v7.01p Hypertext links for LaTeX

(C:\Users\jorda\AppData\Local\Programs\MiKTeX\tex/generic/kvdefinekeys\kvdefine
keys.sty
Package: kvdefinekeys 2019-12-19 v1.6 Define keys (HO)
)
(C:\Users\jorda\AppData\Local\Programs\MiKTeX\tex/generic/pdfescape\pdfescape.s
ty
Package: pdfescape 2019/12/09 v1.15 Implements pdfTeX's escape features (HO)

(C:\Users\jorda\AppData\Local\Programs\MiKTeX\tex/generic/pdftexcmds\pdftexcmds
.sty
Package: pdftexcmds 2020-06-27 v0.33 Utility functions of pdfTeX for LuaTeX (HO
)
Package pdftexcmds Info: \pdf@primitive is available.
Package pdftexcmds Info: \pdf@ifprimitive is available.
Package pdftexcmds Info: \pdfdraftmode found.
))
(C:\Users\jorda\AppData\Local\Programs\MiKTeX\tex/latex/hycolor\hycolor.sty
Package: hycolor 2020-01-27 v1.10 Color options for hyperref/bookmark (HO)
)
(C:\Users\jorda\AppData\Local\Programs\MiKTeX\tex/generic/stringenc\stringenc.s
ty
Package: stringenc 2019/11/29 v1.12 Convert strings between diff. encodings (HO
)
)
\@linkdim=\dimen197
\Hy@linkcounter=\count339
\Hy@pagecounter=\count340
 (C:\Users\jorda\AppData\Local\Programs\MiKTeX\tex/latex/hyperref\pd1enc.def
File: pd1enc.def 2026-01-29 v7.01p Hyperref: PDFDocEncoding definition (HO)
Now handling font encoding PD1 ...
... no UTF-8 mapping file for font encoding PD1
) (C:\Users\jorda\AppData\Local\Programs\MiKTeX\tex/generic/intcalc\intcalc.sty
Package: intcalc 2019/12/15 v1.3 Expandable calculations with integers (HO)
)
\Hy@SavedSpaceFactor=\count341
 (C:\Users\jorda\AppData\Local\Programs\MiKTeX\tex/latex/hyperref\puenc.def
File: puenc.def 2026-01-29 v7.01p Hyperref: PDF Unicode definition (HO)
Now handling font encoding PU ...
... no UTF-8 mapping file for font encoding PU
)
Package hyperref Info: Option `pdfusetitle' set `true' on input line 4072.
Package hyperref Info: Option `colorlinks' set `true' on input line 4072.
Package hyperref Info: Option `plainpages' set `false' on input line 4072.
Package hyperref Info: Hyper figures OFF on input line 4201.
Package hyperref Info: Link nesting OFF on input line 4206.
Package hyperref Info: Hyper index ON on input line 4209.
Package hyperref Info: Plain pages OFF on input line 4216.
Package hyperref Info: Backreferencing OFF on input line 4221.
Package hyperref Info: Implicit mode ON; LaTeX internals redefined.
Package hyperref Info: Bookmarks ON on input line 4468.
\c@Hy@tempcnt=\count342

(C:\Users\jorda\AppData\Local\Programs\MiKTeX\tex/latex/url\url.sty
\Urlmuskip=\muskip17
Package: url 2013/09/16  ver 3.4  Verb mode for urls, etc.
)
LaTeX Info: Redefining \url on input line 4807.
\XeTeXLinkMargin=\dimen198

(C:\Users\jorda\AppData\Local\Programs\MiKTeX\tex/generic/bitset\bitset.sty
Package: bitset 2019/12/09 v1.3 Handle bit-vector datatype (HO)

(C:\Users\jorda\AppData\Local\Programs\MiKTeX\tex/generic/bigintcalc\bigintcalc
.sty
Package: bigintcalc 2019/12/15 v1.5 Expandable calculations on big integers (HO
)
))
\Fld@menulength=\count343
\Field@Width=\dimen199
\Fld@charsize=\dimen256
Package hyperref Info: Hyper figures OFF on input line 6084.
Package hyperref Info: Link nesting OFF on input line 6089.
Package hyperref Info: Hyper index ON on input line 6092.
Package hyperref Info: backreferencing OFF on input line 6099.
Package hyperref Info: Link coloring ON on input line 6102.
Package hyperref Info: Link coloring with OCG OFF on input line 6109.
Package hyperref Info: PDF/A mode OFF on input line 6114.
\Hy@abspage=\count344
\c@Item=\count345
\c@Hfootnote=\count346
)
Package hyperref Info: Driver (autodetected): hpdftex.

(C:\Users\jorda\AppData\Local\Programs\MiKTeX\tex/latex/hyperref\hpdftex.def
File: hpdftex.def 2026-01-29 v7.01p Hyperref driver for pdfTeX
\Fld@listcount=\count347
\c@bookmark@seq@number=\count348

(C:\Users\jorda\AppData\Local\Programs\MiKTeX\tex/latex/rerunfilecheck\rerunfil
echeck.sty
Package: rerunfilecheck 2025-06-21 v1.11 Rerun checks for auxiliary files (HO)

(C:\Users\jorda\AppData\Local\Programs\MiKTeX\tex/generic/uniquecounter\uniquec
ounter.sty
Package: uniquecounter 2019/12/15 v1.4 Provide unlimited unique counter (HO)
)
Package uniquecounter Info: New unique counter `rerunfilecheck' on input line 2
84.
)
\Hy@SectionHShift=\skip191
)
(C:\Users\jorda\AppData\Local\Programs\MiKTeX\tex/latex/memoir\memhfixc.sty
Package: memhfixc 2025/09/16 v1.24 hyperref package fixes for memoir class
\c@memhycontfloat=\count349
\c@mem@Hpagenote=\count350
)
(C:\Users\jorda\AppData\Local\Programs\MiKTeX\tex/latex/xcolor\xcolor.sty
Package: xcolor 2023/11/15 v3.01 LaTeX color extensions (UK)

(C:\Users\jorda\AppData\Local\Programs\MiKTeX\tex/latex/graphics-cfg\color.cfg
File: color.cfg 2016/01/02 v1.6 sample color configuration
)
Package xcolor Info: Driver file: pdftex.def on input line 274.
(C:\Users\jorda\AppData\Local\Programs\MiKTeX\tex/latex/graphics\mathcolor.ltx)
Package xcolor Info: Model `cmy' substituted by `cmy0' on input line 1350.
Package xcolor Info: Model `hsb' substituted by `rgb' on input line 1354.
Package xcolor Info: Model `RGB' extended on input line 1366.
Package xcolor Info: Model `HTML' substituted by `rgb' on input line 1368.
Package xcolor Info: Model `Hsb' substituted by `hsb' on input line 1369.
Package xcolor Info: Model `tHsb' substituted by `hsb' on input line 1370.
Package xcolor Info: Model `HSB' substituted by `hsb' on input line 1371.
Package xcolor Info: Model `Gray' substituted by `gray' on input line 1372.
Package xcolor Info: Model `wave' substituted by `hsb' on input line 1373.
) (C:\Users\jorda\AppData\Local\Programs\MiKTeX\tex/latex/colortbl\colortbl.sty
Package: colortbl 2024/07/06 v1.0i Color table columns (DPC)
\everycr=\toks25
\minrowclearance=\skip192
\rownum=\count351
)
(C:\Users\jorda\AppData\Local\Programs\MiKTeX\tex/latex/xltabular\xltabular.sty
Package: xltabular 2025/02/28 v0.2i `xltabular' package (hv,RN)
(C:\Users\jorda\AppData\Local\Programs\MiKTeX\tex/latex/ltablex\ltablex.sty
Package: ltablex 2014/08/13 v1.1 Modified tabularx

(C:\Users\jorda\AppData\Local\Programs\MiKTeX\tex/latex/tools\longtable.sty
Package: longtable 2025-10-13 v4.24 Multi-page Table package (DPC)
\LTleft=\skip193
\LTright=\skip194
\LTpre=\skip195
\LTpost=\skip196
\LTchunksize=\count352
\LTcapwidth=\dimen257
\LT@head=\box58
\LT@firsthead=\box59
\LT@foot=\box60
\LT@lastfoot=\box61
\LT@gbox=\box62
\LT@cols=\count353
\LT@rows=\count354
\c@LT@tables=\count355
\c@LT@chunks=\count356
\LT@p@ftn=\toks26
)))
(C:\Users\jorda\AppData\Local\Programs\MiKTeX\tex/latex/enumitem\enumitem.sty
Package: enumitem 2025/02/06 v3.11 Customized lists
\labelindent=\skip197
\enit@outerparindent=\dimen258
\enit@toks=\toks27
\enit@inbox=\box63
\enit@count@id=\count357
\enitdp@description=\count358
)
(C:\Users\jorda\AppData\Local\Programs\MiKTeX\tex/latex/pdflscape\pdflscape.sty
Package: pdflscape 2022-10-27 v0.13 Display of landscape pages in PDF

(C:\Users\jorda\AppData\Local\Programs\MiKTeX\tex/latex/pdflscape\pdflscape-nom
etadata.sty
Package: pdflscape-nometadata 2022-10-28 v0.13 Display of landscape pages in PD
F (HO)

(C:\Users\jorda\AppData\Local\Programs\MiKTeX\tex/latex/graphics\lscape.sty
Package: lscape 2020/05/28 v3.02 Landscape Pages (DPC)
)
Package pdflscape Info: Auto-detected driver: pdftex on input line 81.
))
(C:\Users\jorda\AppData\Local\Programs\MiKTeX\tex/latex/lipsum\lipsum.sty
(C:\Users\jorda\AppData\Local\Programs\MiKTeX\tex/latex/l3packages/l3keys2e\l3k
eys2e.sty
Package: l3keys2e 2025-10-09 LaTeX2e option processing using LaTeX3 keys
)
Package: lipsum 2021-09-20 v2.7 150 paragraphs of Lorem Ipsum dummy text
\g__lipsum_par_int=\count359
\l__lipsum_a_int=\count360
\l__lipsum_b_int=\count361

(C:\Users\jorda\AppData\Local\Programs\MiKTeX\tex/latex/lipsum\lipsum.ltd.tex))

******************************************************
Stock height and width: 845.04684pt by 597.50787pt
Top and edge trims: 0pt and 0pt
Page height and width: 845.04684pt by 597.50787pt
Text height and width: 609.40027pt by 398pt
Spine and edge margins: 99.58466pt and 99.58466pt
Upper and lower margins: 106.09436pt and 129.55222pt
Headheight and headsep: 13.6pt and 19.8738pt
Footskip: 27.46295pt
Columnsep and columnseprule: 10pt and 0pt
Marginparsep and marginparwidth: 16.31996pt and 66.94473pt
Sidecapsep and sidecapwidth: 7pt and 101pt
Sidebarhsep and sidebarwidth: 7pt and 101pt
Sidebarvsep and sidebartopsep: 13.6pt and 0pt
Sidebarheight: 594.32022pt
Sidefoothsep and sidefootwidth: 7pt and 101pt
Sidefootvsep and sidefootheight: 13.6pt and 594.32022pt
******************************************************

(C:\Users\jorda\AppData\Local\Programs\MiKTeX\tex/latex/base\textcomp.sty
Package: textcomp 2024/04/24 v2.1b Standard LaTeX package
)
LaTeX Font Info:    Setting kulemtfpf sub-encoding to TS1/0 on input line 36.

(thesis.aux (intro.aux) (chapter-1.aux) (chapter-2.aux) (chapter-3.aux)
(chapter-4.aux) (conclusion.aux) (appendix-1.aux) (appendix-n.aux) (CoC.aux))
\openout1 = `thesis.aux'.

LaTeX Font Info:    Checking defaults for OML/cmm/m/it on input line 36.
LaTeX Font Info:    ... okay on input line 36.
LaTeX Font Info:    Checking defaults for OMS/cmsy/m/n on input line 36.
LaTeX Font Info:    ... okay on input line 36.
LaTeX Font Info:    Checking defaults for OT1/cmr/m/n on input line 36.
LaTeX Font Info:    ... okay on input line 36.
LaTeX Font Info:    Checking defaults for T1/cmr/m/n on input line 36.
LaTeX Font Info:    ... okay on input line 36.
LaTeX Font Info:    Checking defaults for TS1/cmr/m/n on input line 36.
LaTeX Font Info:    ... okay on input line 36.
LaTeX Font Info:    Checking defaults for OMX/cmex/m/n on input line 36.
LaTeX Font Info:    ... okay on input line 36.
LaTeX Font Info:    Checking defaults for U/cmr/m/n on input line 36.
LaTeX Font Info:    ... okay on input line 36.
LaTeX Font Info:    Checking defaults for PD1/pdf/m/n on input line 36.
LaTeX Font Info:    ... okay on input line 36.
LaTeX Font Info:    Checking defaults for PU/pdf/m/n on input line 36.
LaTeX Font Info:    ... okay on input line 36.

(C:\Users\jorda\AppData\Local\Programs\MiKTeX\tex/context/base/mkii\supp-pdf.mk
ii
[Loading MPS to PDF converter (version 2006.09.02).]
\scratchcounter=\count362
\scratchdimen=\dimen259
\scratchbox=\box64
\nofMPsegments=\count363
\nofMParguments=\count364
\everyMPshowfont=\toks28
\MPscratchCnt=\count365
\MPscratchDim=\dimen260
\MPnumerator=\count366
\makeMPintoPDFobject=\count367
\everyMPtoPDFconversion=\toks29
)
(C:\Users\jorda\AppData\Local\Programs\MiKTeX\tex/latex/epstopdf-pkg\epstopdf-b
ase.sty
Package: epstopdf-base 2020-01-24 v2.11 Base part for package epstopdf
Package epstopdf-base Info: Redefining graphics rule for `.eps' on input line 4
85.

(C:\Users\jorda\AppData\Local\Programs\MiKTeX\tex/latex/00miktex\epstopdf-sys.c
fg
File: epstopdf-sys.cfg 2021/03/18 v2.0 Configuration of epstopdf for MiKTeX
))
Package hyperref Info: Link coloring ON on input line 36.
 (thesis.out) (thesis.out)
\@outlinefile=\write4
\openout4 = `thesis.out'.

<logokuleng-en.pdf, id=147, 216.81pt x 99.9735pt>
File: logokuleng-en.pdf Graphic file (type pdf)
<use logokuleng-en.pdf>
Package pdftex.def Info: logokuleng-en.pdf  used on input line 36.
(pdftex.def)             Requested size: 216.80946pt x 99.97324pt.
 [-1


{C:/Users/jorda/AppData/Local/MiKTeX/fonts/map/pdftex/pdftex.map}{C:/Users/jord
a/AppData/Local/Programs/MiKTeX/fonts/enc/dvips/tex-gyre/q-ec.enc} <./logokulen
g-en.pdf>] [0


{C:/Users/jorda/AppData/Local/Programs/MiKTeX/fonts/enc/dvips/tex-gyre/q-ts1.en
c}] [1



{C:/Users/jorda/AppData/Local/Programs/MiKTeX/fonts/enc/dvips/lm/lm-ec.enc}] (t
hesis.toc
LaTeX Font Info:    External font `cmex10' loaded for size
(Font)              <10.95> on input line 8.
LaTeX Font Info:    External font `cmex10' loaded for size
(Font)              <8> on input line 8.
LaTeX Font Info:    External font `cmex10' loaded for size
(Font)              <6> on input line 8.
 [2


]) [3]
LaTeX Font Info:    Trying to load font information for T1+lmtt on input line 4
7.

(C:\Users\jorda\AppData\Local\Programs\MiKTeX\tex/latex/lm\t1lmtt.fd
File: t1lmtt.fd 2015/05/01 v1.6.1 Font defs for Latin Modern
)
LaTeX Font Info:    Trying to load font information for TS1+lmr on input line 5
1.

(C:\Users\jorda\AppData\Local\Programs\MiKTeX\tex/latex/lm\ts1lmr.fd
File: ts1lmr.fd 2015/05/01 v1.6.1 Font defs for Latin Modern
) [4

{C:/Users/jorda/AppData/Local/Programs/MiKTeX/fonts/enc/dvips/lm/lm-ts1.enc}]
(thesis.lof) (thesis.lot) [5


] [6

]
\openout2 = `intro.aux'.

 (intro.tex
Chapter 1.
) [1



]
\openout2 = `chapter-1.aux'.

 (chapter-1.tex [2




]
Chapter 2.
<images/Decision tree generative.png, id=296, 442.65375pt x 441.14813pt>
File: images/Decision tree generative.png Graphic file (type png)
<use images/Decision tree generative.png>
Package pdftex.def Info: images/Decision tree generative.png  used on input lin
e 22.
(pdftex.def)             Requested size: 309.8555pt x 308.80157pt.
<images/variant.png, id=299, 420.06938pt x 411.03563pt>
File: images/variant.png Graphic file (type png)
<use images/variant.png>
Package pdftex.def Info: images/variant.png  used on input line 41.
(pdftex.def)             Requested size: 294.04655pt x 287.72298pt.
[3]
<images/deeplearningclassification.png, id=307, 892.08281pt x 404.26031pt>
File: images/deeplearningclassification.png Graphic file (type png)
<use images/deeplearningclassification.png>
Package pdftex.def Info: images/deeplearningclassification.png  used on input l
ine 65.
(pdftex.def)             Requested size: 356.8268pt x 161.70125pt.
 [4 <./images/Decision tree generative.png>] [5 <./images/variant.png> <./image
s/deeplearningclassification.png>]) [6]
\openout2 = `chapter-2.aux'.

 (chapter-2.tex
Chapter 3.
<images/NN visualization.jpg, id=329, 1444.64719pt x 734.745pt>
File: images/NN visualization.jpg Graphic file (type jpg)
<use images/NN visualization.jpg>
Package pdftex.def Info: images/NN visualization.jpg  used on input line 17.
(pdftex.def)             Requested size: 505.6341pt x 257.1646pt.

Overfull \hbox (107.6341pt too wide) in paragraph at lines 17--18
 [][] 
 []

<images/pipeline faces.jpg, id=330, 1444.64719pt x 608.2725pt>
File: images/pipeline faces.jpg Graphic file (type jpg)
<use images/pipeline faces.jpg>
Package pdftex.def Info: images/pipeline faces.jpg  used on input line 27.
(pdftex.def)             Requested size: 433.3975pt x 182.48315pt.

Overfull \hbox (35.3975pt too wide) in paragraph at lines 27--28
 [][] 
 []

<images/pipeline discretized.jpg, id=331, 1443.89438pt x 490.83376pt>
File: images/pipeline discretized.jpg Graphic file (type jpg)
<use images/pipeline discretized.jpg>
Package pdftex.def Info: images/pipeline discretized.jpg  used on input line 36
.
(pdftex.def)             Requested size: 433.17166pt x 147.25125pt.

Overfull \hbox (35.17166pt too wide) in paragraph at lines 36--37
 [][] 
 []

[7




 <./images/NN visualization.jpg>]
<images/adaptivemeshrefinement.png, id=336, 271.0125pt x 228.10219pt>
File: images/adaptivemeshrefinement.png Graphic file (type png)
<use images/adaptivemeshrefinement.png>
Package pdftex.def Info: images/adaptivemeshrefinement.png  used on input line 
50.
(pdftex.def)             Requested size: 189.70744pt x 159.67043pt.
 [8 <./images/pipeline faces.jpg> <./images/pipeline discretized.jpg>]
<images/Parametric modelling.png, id=341, 954.56625pt x 185.94469pt>
File: images/Parametric modelling.png Graphic file (type png)
<use images/Parametric modelling.png>
Package pdftex.def Info: images/Parametric modelling.png  used on input line 67
.
(pdftex.def)             Requested size: 477.28197pt x 92.9721pt.

Overfull \hbox (79.28197pt too wide) in paragraph at lines 67--68
 [][] 
 []

<images/outerness.png, id=342, 210.7875pt x 203.25937pt>
File: images/outerness.png Graphic file (type png)
<use images/outerness.png>
Package pdftex.def Info: images/outerness.png  used on input line 83.
(pdftex.def)             Requested size: 147.55025pt x 142.28058pt.
<images/opposing surface validation.jpg, id=343, 569.12625pt x 273.27094pt>
File: images/opposing surface validation.jpg Graphic file (type jpg)
<use images/opposing surface validation.jpg>
Package pdftex.def Info: images/opposing surface validation.jpg  used on input 
line 92.
(pdftex.def)             Requested size: 398.38567pt x 191.28833pt.
<images/wall thickness.png, id=344, 196.48407pt x 193.47281pt>
File: images/wall thickness.png Graphic file (type png)
<use images/wall thickness.png>
Package pdftex.def Info: images/wall thickness.png  used on input line 103.
(pdftex.def)             Requested size: 137.5379pt x 135.43004pt.
[9 <./images/adaptivemeshrefinement.png> <./images/Parametric modelling.png>]
<images/postprocessing.jpg, id=351, 1306.12968pt x 522.45187pt>
File: images/postprocessing.jpg Graphic file (type jpg)
<use images/postprocessing.jpg>
Package pdftex.def Info: images/postprocessing.jpg  used on input line 119.
(pdftex.def)             Requested size: 391.84193pt x 156.73677pt.

[10 <./images/outerness.png> <./images/opposing surface validation.jpg>])
[11 <./images/wall thickness.png> <./images/postprocessing.jpg>]
\openout2 = `chapter-3.aux'.

 (chapter-3.tex [12




]
Chapter 4.
<images/Overfitting example.png, id=370, 532.99126pt x 358.33875pt>
File: images/Overfitting example.png Graphic file (type png)
<use images/Overfitting example.png>
Package pdftex.def Info: images/Overfitting example.png  used on input line 12.

(pdftex.def)             Requested size: 426.39359pt x 286.67139pt.

Overfull \hbox (28.39359pt too wide) in paragraph at lines 12--13
 [][] 
 []

<images/visualizationsurfaceprocessing.jpg, id=371, 1416.79312pt x 428.35031pt>

File: images/visualizationsurfaceprocessing.jpg Graphic file (type jpg)
<use images/visualizationsurfaceprocessing.jpg>
Package pdftex.def Info: images/visualizationsurfaceprocessing.jpg  used on inp
ut line 20.
(pdftex.def)             Requested size: 425.04121pt x 128.50607pt.

Overfull \hbox (27.04121pt too wide) in paragraph at lines 20--21
 [][] 
 []

<images/traininglosssurface.png, id=372, 475.7775pt x 357.58594pt>
File: images/traininglosssurface.png Graphic file (type png)
<use images/traininglosssurface.png>
Package pdftex.def Info: images/traininglosssurface.png  used on input line 26.

(pdftex.def)             Requested size: 237.88815pt x 178.79253pt.
<images/initial result discretized.png, id=373, 390.70969pt x 190.46156pt>
File: images/initial result discretized.png Graphic file (type png)
<use images/initial result discretized.png>
Package pdftex.def Info: images/initial result discretized.png  used on input l
ine 35.
(pdftex.def)             Requested size: 273.4949pt x 133.32216pt.
<images/micro patch solution.png, id=374, 386.19281pt x 149.05687pt>
File: images/micro patch solution.png Graphic file (type png)
<use images/micro patch solution.png>
Package pdftex.def Info: images/micro patch solution.png  used on input line 42
.
(pdftex.def)             Requested size: 270.33311pt x 104.3391pt.
<images/f1 score.png, id=375, 300.3722pt x 241.65282pt>
File: images/f1 score.png Graphic file (type png)
<use images/f1 score.png>
Package pdftex.def Info: images/f1 score.png  used on input line 49.
(pdftex.def)             Requested size: 270.33246pt x 217.48552pt.
) [13] [14 <./images/Overfitting example.png> <./images/visualizationsurfacepro
cessing.jpg>] [15 <./images/traininglosssurface.png> <./images/initial result d
iscretized.png> <./images/micro patch solution.png>] [16 <./images/f1 score.png
>]
\openout2 = `chapter-4.aux'.

 (chapter-4.tex
Chapter 5.
) [17




]
\openout2 = `conclusion.aux'.

 (conclusion.tex [18




]
Chapter 6.
) [19] [20



] [21] [22]
\openout2 = `appendix-1.aux'.

 (appendix-1.tex
Appendix A.
<images/gant chart.jpg, id=427, 1444.64719pt x 635.37375pt>
! Undefined control sequence.
\Gin@scalex ->0.3\add 
                      {7}
l.11 ...s[scale=0.3\add{7}]{images/gant chart.jpg}
                                                  
The control sequence at the end of the top line
of your error message was never \def'ed. If you have
misspelled it (e.g., `\hobx'), type `I' and the correct
spelling (e.g., `I\hbox'). Otherwise just continue,
and I'll forget about whatever was undefined.

! Illegal unit of measure (pt inserted).
<to be read again> 
                   {
l.11 ...s[scale=0.3\add{7}]{images/gant chart.jpg}
                                                  
Dimensions can be in units of em, ex, in, pt, pc,
cm, mm, dd, cc, nd, nc, bp, or sp; but yours is a new one!
I'll assume that you meant to say pt, for printer's points.
To recover gracefully from this error, it's best to
delete the erroneous units; e.g., type `2' to delete
two letters. (See Chapter 27 of The TeXbook.)

! Undefined control sequence.
\Gin@scalex ->0.3\add 
                      {7}
l.11 ...s[scale=0.3\add{7}]{images/gant chart.jpg}
                                                  
The control sequence at the end of the top line
of your error message was never \def'ed. If you have
misspelled it (e.g., `\hobx'), type `I' and the correct
spelling (e.g., `I\hbox'). Otherwise just continue,
and I'll forget about whatever was undefined.

! Missing number, treated as zero.
<to be read again> 
                   \unhbox 
l.11 ...s[scale=0.3\add{7}]{images/gant chart.jpg}
                                                  
A number should have been here; I inserted `0'.
(If you can't figure out why I needed to see a number,
look up `weird error' in the index to The TeXbook.)

! Illegal unit of measure (pt inserted).
<to be read again> 
                   \unhbox 
l.11 ...s[scale=0.3\add{7}]{images/gant chart.jpg}
                                                  
Dimensions can be in units of em, ex, in, pt, pc,
cm, mm, dd, cc, nd, nc, bp, or sp; but yours is a new one!
I'll assume that you meant to say pt, for printer's points.
To recover gracefully from this error, it's best to
delete the erroneous units; e.g., type `2' to delete
two letters. (See Chapter 27 of The TeXbook.)

File: images/gant chart.jpg Graphic file (type jpg)
<use images/gant chart.jpg>
Package pdftex.def Info: images/gant chart.jpg  used on input line 11.
(pdftex.def)             Requested size: 0.0pt x 0.3pt.
! Undefined control sequence.
\Gin@scalex ->0.3\add 
                      {7}
l.11 ...s[scale=0.3\add{7}]{images/gant chart.jpg}
                                                  
The control sequence at the end of the top line
of your error message was never \def'ed. If you have
misspelled it (e.g., `\hobx'), type `I' and the correct
spelling (e.g., `I\hbox'). Otherwise just continue,
and I'll forget about whatever was undefined.

! Undefined control sequence.
\Gin@scaley ->0.3\add 
                      {7}
l.11 ...s[scale=0.3\add{7}]{images/gant chart.jpg}
                                                  
The control sequence at the end of the top line
of your error message was never \def'ed. If you have
misspelled it (e.g., `\hobx'), type `I' and the correct
spelling (e.g., `I\hbox'). Otherwise just continue,
and I'll forget about whatever was undefined.

! Undefined control sequence.
\Gin@scaley ->0.3\add 
                      {7}
l.11 ...s[scale=0.3\add{7}]{images/gant chart.jpg}
                                                  
The control sequence at the end of the top line
of your error message was never \def'ed. If you have
misspelled it (e.g., `\hobx'), type `I' and the correct
spelling (e.g., `I\hbox'). Otherwise just continue,
and I'll forget about whatever was undefined.

! Illegal unit of measure (pt inserted).
<to be read again> 
                   {
l.11 ...s[scale=0.3\add{7}]{images/gant chart.jpg}
                                                  
Dimensions can be in units of em, ex, in, pt, pc,
cm, mm, dd, cc, nd, nc, bp, or sp; but yours is a new one!
I'll assume that you meant to say pt, for printer's points.
To recover gracefully from this error, it's best to
delete the erroneous units; e.g., type `2' to delete
two letters. (See Chapter 27 of The TeXbook.)

! Missing = inserted for \ifdim.
<to be read again> 
                   {
l.11 ...s[scale=0.3\add{7}]{images/gant chart.jpg}
                                                  
I was expecting to see `<', `=', or `>'. Didn't.

! Missing number, treated as zero.
<to be read again> 
                   {
l.11 ...s[scale=0.3\add{7}]{images/gant chart.jpg}
                                                  
A number should have been here; I inserted `0'.
(If you can't figure out why I needed to see a number,
look up `weird error' in the index to The TeXbook.)

! Illegal unit of measure (pt inserted).
<to be read again> 
                   {
l.11 ...s[scale=0.3\add{7}]{images/gant chart.jpg}
                                                  
Dimensions can be in units of em, ex, in, pt, pc,
cm, mm, dd, cc, nd, nc, bp, or sp; but yours is a new one!
I'll assume that you meant to say pt, for printer's points.
To recover gracefully from this error, it's best to
delete the erroneous units; e.g., type `2' to delete
two letters. (See Chapter 27 of The TeXbook.)

! Undefined control sequence.
\Gin@scaley ->0.3\add 
                      {7}
l.11 ...s[scale=0.3\add{7}]{images/gant chart.jpg}
                                                  
The control sequence at the end of the top line
of your error message was never \def'ed. If you have
misspelled it (e.g., `\hobx'), type `I' and the correct
spelling (e.g., `I\hbox'). Otherwise just continue,
and I'll forget about whatever was undefined.

! Illegal unit of measure (pt inserted).
<to be read again> 
                   {
l.11 ...s[scale=0.3\add{7}]{images/gant chart.jpg}
                                                  
Dimensions can be in units of em, ex, in, pt, pc,
cm, mm, dd, cc, nd, nc, bp, or sp; but yours is a new one!
I'll assume that you meant to say pt, for printer's points.
To recover gracefully from this error, it's best to
delete the erroneous units; e.g., type `2' to delete
two letters. (See Chapter 27 of The TeXbook.)

! Undefined control sequence.
\Gin@scaley ->0.3\add 
                      {7}
l.11 ...s[scale=0.3\add{7}]{images/gant chart.jpg}
                                                  
The control sequence at the end of the top line
of your error message was never \def'ed. If you have
misspelled it (e.g., `\hobx'), type `I' and the correct
spelling (e.g., `I\hbox'). Otherwise just continue,
and I'll forget about whatever was undefined.

! Undefined control sequence.
\Gin@scalex ->0.3\add 
                      {7}
l.11 ...s[scale=0.3\add{7}]{images/gant chart.jpg}
                                                  
The control sequence at the end of the top line
of your error message was never \def'ed. If you have
misspelled it (e.g., `\hobx'), type `I' and the correct
spelling (e.g., `I\hbox'). Otherwise just continue,
and I'll forget about whatever was undefined.

! Illegal unit of measure (pt inserted).
<to be read again> 
                   {
l.11 ...s[scale=0.3\add{7}]{images/gant chart.jpg}
                                                  
Dimensions can be in units of em, ex, in, pt, pc,
cm, mm, dd, cc, nd, nc, bp, or sp; but yours is a new one!
I'll assume that you meant to say pt, for printer's points.
To recover gracefully from this error, it's best to
delete the erroneous units; e.g., type `2' to delete
two letters. (See Chapter 27 of The TeXbook.)

! Missing = inserted for \ifdim.
<to be read again> 
                   {
l.11 ...s[scale=0.3\add{7}]{images/gant chart.jpg}
                                                  
I was expecting to see `<', `=', or `>'. Didn't.

! Missing number, treated as zero.
<to be read again> 
                   {
l.11 ...s[scale=0.3\add{7}]{images/gant chart.jpg}
                                                  
A number should have been here; I inserted `0'.
(If you can't figure out why I needed to see a number,
look up `weird error' in the index to The TeXbook.)

! Illegal unit of measure (pt inserted).
<to be read again> 
                   {
l.11 ...s[scale=0.3\add{7}]{images/gant chart.jpg}
                                                  
Dimensions can be in units of em, ex, in, pt, pc,
cm, mm, dd, cc, nd, nc, bp, or sp; but yours is a new one!
I'll assume that you meant to say pt, for printer's points.
To recover gracefully from this error, it's best to
delete the erroneous units; e.g., type `2' to delete
two letters. (See Chapter 27 of The TeXbook.)

! Missing number, treated as zero.
<to be read again> 
                   \hbox 
l.11 ...s[scale=0.3\add{7}]{images/gant chart.jpg}
                                                  
A number should have been here; I inserted `0'.
(If you can't figure out why I needed to see a number,
look up `weird error' in the index to The TeXbook.)

! Illegal unit of measure (pt inserted).
<to be read again> 
                   \hbox 
l.11 ...s[scale=0.3\add{7}]{images/gant chart.jpg}
                                                  
Dimensions can be in units of em, ex, in, pt, pc,
cm, mm, dd, cc, nd, nc, bp, or sp; but yours is a new one!
I'll assume that you meant to say pt, for printer's points.
To recover gracefully from this error, it's best to
delete the erroneous units; e.g., type `2' to delete
two letters. (See Chapter 27 of The TeXbook.)

! Undefined control sequence.
\Gin@scalex ->0.3\add 
                      {7}
l.11 ...s[scale=0.3\add{7}]{images/gant chart.jpg}
                                                  
The control sequence at the end of the top line
of your error message was never \def'ed. If you have
misspelled it (e.g., `\hobx'), type `I' and the correct
spelling (e.g., `I\hbox'). Otherwise just continue,
and I'll forget about whatever was undefined.

! Illegal unit of measure (pt inserted).
<to be read again> 
                   {
l.11 ...s[scale=0.3\add{7}]{images/gant chart.jpg}
                                                  
Dimensions can be in units of em, ex, in, pt, pc,
cm, mm, dd, cc, nd, nc, bp, or sp; but yours is a new one!
I'll assume that you meant to say pt, for printer's points.
To recover gracefully from this error, it's best to
delete the erroneous units; e.g., type `2' to delete
two letters. (See Chapter 27 of The TeXbook.)


Overfull \hbox (5.17499pt too wide) detected at line 11
\T1/lmr/m/n/10.95 7
 []

! Missing number, treated as zero.
<to be read again> 
                   {
l.11 ...s[scale=0.3\add{7}]{images/gant chart.jpg}
                                                  
A number should have been here; I inserted `0'.
(If you can't figure out why I needed to see a number,
look up `weird error' in the index to The TeXbook.)

! Illegal unit of measure (pt inserted).
<to be read again> 
                   {
l.11 ...s[scale=0.3\add{7}]{images/gant chart.jpg}
                                                  
Dimensions can be in units of em, ex, in, pt, pc,
cm, mm, dd, cc, nd, nc, bp, or sp; but yours is a new one!
I'll assume that you meant to say pt, for printer's points.
To recover gracefully from this error, it's best to
delete the erroneous units; e.g., type `2' to delete
two letters. (See Chapter 27 of The TeXbook.)

! Undefined control sequence.
\Gin@scalex ->0.3\add 
                      {7}
l.11 ...s[scale=0.3\add{7}]{images/gant chart.jpg}
                                                  
The control sequence at the end of the top line
of your error message was never \def'ed. If you have
misspelled it (e.g., `\hobx'), type `I' and the correct
spelling (e.g., `I\hbox'). Otherwise just continue,
and I'll forget about whatever was undefined.

! Illegal unit of measure (pt inserted).
<to be read again> 
                   {
l.11 ...s[scale=0.3\add{7}]{images/gant chart.jpg}
                                                  
Dimensions can be in units of em, ex, in, pt, pc,
cm, mm, dd, cc, nd, nc, bp, or sp; but yours is a new one!
I'll assume that you meant to say pt, for printer's points.
To recover gracefully from this error, it's best to
delete the erroneous units; e.g., type `2' to delete
two letters. (See Chapter 27 of The TeXbook.)

! Missing number, treated as zero.
<to be read again> 
                   \hss 
l.11 ...s[scale=0.3\add{7}]{images/gant chart.jpg}
                                                  
A number should have been here; I inserted `0'.
(If you can't figure out why I needed to see a number,
look up `weird error' in the index to The TeXbook.)

! Illegal unit of measure (pt inserted).
<to be read again> 
                   \hss 
l.11 ...s[scale=0.3\add{7}]{images/gant chart.jpg}
                                                  
Dimensions can be in units of em, ex, in, pt, pc,
cm, mm, dd, cc, nd, nc, bp, or sp; but yours is a new one!
I'll assume that you meant to say pt, for printer's points.
To recover gracefully from this error, it's best to
delete the erroneous units; e.g., type `2' to delete
two letters. (See Chapter 27 of The TeXbook.)

) [23


 <./images/gant chart.jpg>]
\openout2 = `appendix-n.aux'.

 (appendix-n.tex [24




]
Appendix B.
) [25] [26



] (thesis.bbl
bibitemlist
) [27

]
\openout2 = `CoC.aux'.

 (CoC.tex
Underfull \hbox (badness 10000) in paragraph at lines 4--8

 []

[28


]
Underfull \hbox (badness 10000) in paragraph at lines 35--39

 []

[29] [30]
Overfull \hbox (17.0pt too wide) in paragraph at lines 57--58
[][] 
 []


Overfull \hbox (17.0pt too wide) in paragraph at lines 65--66
[][] 
 []


Underfull \hbox (badness 10000) in paragraph at lines 79--80

 []

[31]
Underfull \hbox (badness 1874) in paragraph at lines 100--100
[]|\T1/lmr/bx/n/10.95 Name of the
 []


Underfull \hbox (badness 10000) in paragraph at lines 100--100
\T1/lmr/m/n/10.95 also de-scribe
 []


Underfull \hbox (badness 10000) in paragraph at lines 100--100
\T1/lmr/m/n/10.95 in which way
 []


Underfull \hbox (badness 1320) in paragraph at lines 100--100
\T1/lmr/m/n/10.95 you were us-ing
 []


Underfull \hbox (badness 10000) in paragraph at lines 100--100
\T1/lmr/m/n/10.95 GenAI re-lated
 []


Overfull \hbox (37.59998pt too wide) in alignment at lines 98--102
 [] [] [] 
 []


Overfull \hbox (37.59998pt too wide) in alignment at lines 102--109
 [] [] [] 
 []


Overfull \hbox (37.59998pt too wide) in alignment at lines 109--112
 [] [] [] 
 []


Underfull \hbox (badness 10000) in paragraph at lines 126--126
[]|\T1/lmr/bx/n/10.95 For trans-la-tion
 []


Underfull \hbox (badness 10000) in paragraph at lines 126--126
\T1/lmr/bx/n/10.95 aid to im-prove
 []


Underfull \hbox (badness 10000) in paragraph at lines 126--126
\T1/lmr/bx/n/10.95 un-der-stand text
 []


Underfull \hbox (badness 4467) in paragraph at lines 133--133
\T1/lmr/bx/n/10.95 re-search on the
 []


Underfull \hbox (badness 1910) in paragraph at lines 137--138
\T1/lmr/m/n/10.95 be lim-ited due to the databases it
 []


Underfull \hbox (badness 10000) in paragraph at lines 139--139
[]|\T1/lmr/bx/n/10.95 For lit-er-a-ture
 []


Underfull \hbox (badness 10000) in paragraph at lines 147--147
[]|\T1/lmr/bx/n/10.95 For gen-er-at-ing
 []


Underfull \hbox (badness 10000) in paragraph at lines 147--147
\T1/lmr/bx/n/10.95 pro-gram-ming
 []


Underfull \hbox (badness 10000) in paragraph at lines 148--148
[]|\T1/lmr/bx/n/10.95 For gen-er-at-ing
 []


Underfull \hbox (badness 10000) in paragraph at lines 148--148
\T1/lmr/bx/n/10.95 new (re-search)
 []


Underfull \hbox (badness 10000) in paragraph at lines 155--155
[]|\T1/lmr/bx/n/10.95 For gen-er-at-ing
 []


Underfull \hbox (badness 10000) in paragraph at lines 164--164
[]|\T1/lmr/bx/n/10.95 For gen-er-at-ing
 []


Underfull \hbox (badness 10000) in paragraph at lines 164--164
\T1/lmr/bx/n/10.95 blocks of text
 []


Underfull \hbox (badness 4013) in paragraph at lines 164--164
\T1/lmr/bx/n/10.95 (other than the
 []


Underfull \hbox (badness 10000) in paragraph at lines 164--164
\T1/lmr/bx/n/10.95 out ref-er-enc-ing
 []


Underfull \hbox (badness 10000) in paragraph at lines 181--181
\T1/lmr/bx/n/10.95 also in-clude a
 []


Underfull \hbox (badness 10000) in paragraph at lines 181--181
\T1/lmr/bx/n/10.95 com-bi-na-tion of
 []


Overfull \hbox (37.59998pt too wide) in alignment at lines 112--188
 [] [] [] 
 []

ignored: Infinite glue shrinkage found in box being split [32]
ignored: Infinite glue shrinkage found in box being split [33]
ignored: Infinite glue shrinkage found in box being split [34]
ignored: Infinite glue shrinkage found in box being split [35]
ignored: Infinite glue shrinkage found in box being split [36]) [37]
\tf@toc=\write5
\openout5 = `thesis.toc'.

\tf@lof=\write6
\openout6 = `thesis.lof'.

\tf@lot=\write7
\openout7 = `thesis.lot'.


(thesis.aux (intro.aux) (chapter-1.aux) (chapter-2.aux) (chapter-3.aux)
(chapter-4.aux) (conclusion.aux) (appendix-1.aux) (appendix-n.aux) (CoC.aux))
 ***********
LaTeX2e <2025-11-01>
L3 programming layer <2020/03/25>
 ***********


LaTeX Warning: Label(s) may have changed. Rerun to get cross-references right.

Package rerunfilecheck Info: File `thesis.out' has not changed.
(rerunfilecheck)             Checksum: 0AE9F8D5F46A23652747D9AB9526F0DD;5237.
 ) 
Here is how much of TeX's memory you used:
 15996 strings out of 467868
 269974 string characters out of 5418515
 859458 words of memory out of 5000000
 44478 multiletter control sequences out of 15000+600000
 689774 words of font info for 71 fonts, out of 8000000 for 9000
 1141 hyphenation exceptions out of 8191
 98i,12n,107p,1480b,677s stack positions out of 10000i,1000n,20000p,200000b,200000s
<C:/Users/jorda/AppData/Local/Programs/MiKTeX/fonts/type1/public/amsfonts/cm/
cmmi10.pfb><C:/Users/jorda/AppData/Local/Programs/MiKTeX/fonts/type1/public/lm/
lmbx10.pfb><C:/Users/jorda/AppData/Local/Programs/MiKTeX/fonts/type1/public/lm/
lmbx12.pfb><C:/Users/jorda/AppData/Local/Programs/MiKTeX/fonts/type1/public/lm/
lmcsc10.pfb><C:/Users/jorda/AppData/Local/Programs/MiKTeX/fonts/type1/public/lm
/lmr10.pfb><C:/Users/jorda/AppData/Local/Programs/MiKTeX/fonts/type1/public/lm/
lmri10.pfb><C:/Users/jorda/AppData/Local/Programs/MiKTeX/fonts/type1/public/lm/
lmtt10.pfb><C:/Users/jorda/AppData/Local/Programs/MiKTeX/fonts/type1/public/tex
-gyre/qhvr.pfb><C:/Users/jorda/AppData/Local/Programs/MiKTeX/fonts/type1/public
/tex-gyre/qhvri.pfb>
Output written on thesis.pdf (45 pages, 3423226 bytes).
PDF statistics:
 619 PDF objects out of 1000 (max. 8388607)
 134 named destinations out of 1000 (max. 500000)
 389 words of extra memory for PDF output out of 10000 (max. 10000000)

